<testsuites name="jest tests" tests="1" failures="0" time="1.704">
  <testsuite name="undefined" errors="0" failures="0" skipped="0" timestamp="2020-01-23T04:05:00" time="1.704" tests="1">
    <testcase classname=" renders without crashing" name=" renders without crashing" time="0.026">
    </testcase>
  </testsuite>
</testsuites>